python : Retrieving folder contents
At line:1 char:1
+ python test_download.py > test_output.txt 
2>&1
+ 
~~~~~~~~~~~~~~~~~~~~~~~~~~~~~~~~~~~~~~~~~~~~~~
    + CategoryInfo          : NotSpecified: ( 
   Retrieving folder contents:String) [], Re  
  moteException
    + FullyQualifiedErrorId : NativeCommandEr 
   ror
 
Testing download from https://drive.google.com/drive/folders/1OFz-Oro_dK2HEvtVcbLNM8H6fcnrWJbC
Attempting gdown.download_folder...
Error: Cannot retrieve the folder information from the link. You may need to change the permission to 'Anyone with the link', or have had many accesses. Check FAQ in https://github.com/wkentaro/gdown?tab=readme-ov-file#faq.
